// Jest Snapshot v1, https://goo.gl/fbAQLP

exports[`TheHeader (Custom) Properly renders 1`] = `
<div>
  <mobileheader-stub
    class="hidden-sm-and-up"
    items="[object Object]"
  />
   
  <vappbar-stub
    app="true"
    color="#00000080"
    dark="true"
    elevation="0"
    extensionheight="48"
    src=""
    tag="header"
    tile="true"
    value="true"
  >
    <span
      aria-label="open navigation drawer"
      class="hidden-sm-and-up"
    >
      <font-awesome-icon-stub
        class="drawer-icon"
        icon="fal,bars"
      />
    </span>
     
    <vtoolbartitle-stub
      class="app-nav-header"
    >
      <img
        alt="Logo"
        class="tv-logo"
        src="../../assets/rpitv_logo_400.png"
      />
    </vtoolbartitle-stub>
     
    <vtoolbaritems-stub
      class="hidden-xs-only"
    >
      <div
        class="item-wrapper sample-class-left1"
      >
        <headerbutton-stub
          class="sample-class-left1"
          path="/samplel1"
          title="Sample Left #1"
        />
      </div>
      <div
        class="item-wrapper sample-class-left2"
      >
        <headerbutton-stub
          class="sample-class-left2"
          path="/samplel2"
          title="Sample Left #2"
        />
      </div>
    </vtoolbaritems-stub>
     
    <div
      class="app-nav-right-items"
    >
      <vtoolbaritems-stub
        class="hidden-xs-only"
      >
        <div
          class="item-wrapper sample-r1"
        >
          <headerbutton-stub
            class="sample-r1"
            path="/sampler1"
            title="SampleRight #1"
          />
        </div>
        <div
          class="item-wrapper sample-r2"
        >
          <headerbutton-stub
            class="sample-r2"
            path="/sampler2"
            title="SampleRight #2"
          />
        </div>
        <div
          class="item-wrapper sample-r3"
        >
          <!---->
        </div>
      </vtoolbaritems-stub>
    </div>
  </vappbar-stub>
</div>
`;
