// Jest Snapshot v1, https://goo.gl/fbAQLP

exports[`HeaderDropdown Properly renders w/ depth >= 1 1`] = `
<span>
  <vlistgroup-stub
    activeclass=""
    appendicon="$expand"
    color="primary"
    ripple="true"
  >
     
    <span
      class="a-class"
    >
      <!---->
    </span>
    <span
      class="b-class"
    >
      <headerdropdown-stub
        depth="2"
        icon="fal,b"
        items="[object Object]"
        title="ElemB"
      />
    </span>
  </vlistgroup-stub>
</span>
`;

exports[`HeaderDropdown Properly renders w/ depth 0 1`] = `
<span>
  <vmenu-stub
    attach="*[data-for='undefined']"
    auto="true"
    class="header-dropdown"
    closedelay="0"
    closeonclick="true"
    contentclass=""
    maxheight="auto"
    maxwidth="auto"
    nudgebottom="56"
    nudgeleft="50"
    nudgeright="0"
    nudgetop="0"
    nudgewidth="40"
    opendelay="0"
    openonclick="true"
    openonhover="true"
    origin="top left"
    transition="v-menu-transition"
  >
     
    <vlist-stub
      class="header-dropdown"
      tag="div"
      tile="true"
    >
      <span
        class="a-class"
      >
        <!---->
      </span>
      <span
        class="b-class"
      >
        <headerdropdown-stub
          depth="1"
          icon="fal,b"
          items="[object Object]"
          title="ElemB"
        />
      </span>
    </vlist-stub>
  </vmenu-stub>
</span>
`;
