// Jest Snapshot v1, https://goo.gl/fbAQLP

exports[`RecentProductionsList Properly renders 1`] = `
<div
  class="recent-prod"
>
  <div
    class="row"
  >
    <div
      class="col-sm-6 col"
    >
      <span>
        <a
          class="recent-prod-link"
        >
          <div
            class="v-responsive v-image"
            title="Production #0"
          >
            <div
              class="v-responsive__sizer"
              style="padding-bottom: 56.25%;"
            />
            <div
              class="v-image__image v-image__image--preload v-image__image--cover"
              style="background-position: center center;"
            />
            <div
              class="v-responsive__content"
            />
          </div>
        </a>
      </span>
    </div>
    <div
      class="col-sm-6 col"
    >
      <span>
        <a
          class="recent-prod-link"
        >
          <div
            class="v-responsive v-image"
            title="Production #23"
          >
            <div
              class="v-responsive__sizer"
              style="padding-bottom: 56.25%;"
            />
            <div
              class="v-image__image v-image__image--preload v-image__image--cover"
              style="background-position: center center;"
            />
            <div
              class="v-responsive__content"
            />
          </div>
        </a>
      </span>
    </div>
  </div>
   
  <div
    class="row"
  >
    <div
      class="col-sm-3 col"
    >
      <span>
        <a
          class="recent-prod-link"
        >
          <div
            class="v-responsive v-image"
            title="Production #10"
          >
            <div
              class="v-responsive__sizer"
              style="padding-bottom: 56.25%;"
            />
            <div
              class="v-image__image v-image__image--preload v-image__image--cover"
              style="background-position: center center;"
            />
            <div
              class="v-responsive__content"
            />
          </div>
        </a>
      </span>
    </div>
    <div
      class="col-sm-3 col"
    >
      <span>
        <a
          class="recent-prod-link"
        >
          <div
            class="v-responsive v-image"
            title="Production #189"
          >
            <div
              class="v-responsive__sizer"
              style="padding-bottom: 56.25%;"
            />
            <div
              class="v-image__image v-image__image--preload v-image__image--cover"
              style="background-position: center center;"
            />
            <div
              class="v-responsive__content"
            />
          </div>
        </a>
      </span>
    </div>
    <div
      class="col-sm-3 col"
    >
      <span>
        <a
          class="recent-prod-link"
        >
          <div
            class="v-responsive v-image"
            title="Production #76"
          >
            <div
              class="v-responsive__sizer"
              style="padding-bottom: 56.25%;"
            />
            <div
              class="v-image__image v-image__image--preload v-image__image--cover"
              style="background-position: center center;"
            />
            <div
              class="v-responsive__content"
            />
          </div>
        </a>
      </span>
    </div>
     
    <div
      class="col-sm-3 col"
    >
      <a
        class="recent-prod-link"
      >
        <div
          class="v-responsive view-more"
        >
          <div
            class="v-responsive__sizer"
            style="padding-bottom: 56.25%;"
          />
          <div
            class="v-responsive__content"
          >
            <h3>
              View More
            </h3>
          </div>
        </div>
      </a>
    </div>
  </div>
</div>
`;
